============================= test session starts =============================
platform win32 -- Python 3.13.5, pytest-8.4.0, pluggy-1.6.0 -- C:\Users\BRANLY\Desktop\webfull\backend\venv\Scripts\python.exe
cachedir: .pytest_cache
rootdir: C:\Users\BRANLY\Desktop\webfull
plugins: anyio-4.14.0
collecting ... collected 0 items / 1 error

=================================== ERRORS ====================================
_______________ ERROR collecting backend/tests/test_services.py _______________
ImportError while importing test module 'C:\Users\BRANLY\Desktop\webfull\backend\tests\test_services.py'.
Hint: make sure your test modules/packages have valid Python names.
Traceback:
backend\venv\Lib\site-packages\_pytest\python.py:497: in importtestmodule
    mod = import_path(
backend\venv\Lib\site-packages\_pytest\pathlib.py:587: in import_path
    importlib.import_module(module_name)
..\..\AppData\Local\Programs\Python\Python313\Lib\importlib\__init__.py:88: in import_module
    return _bootstrap._gcd_import(name[level:], package, level)
           ^^^^^^^^^^^^^^^^^^^^^^^^^^^^^^^^^^^^^^^^^^^^^^^^^^^^
<frozen importlib._bootstrap>:1387: in _gcd_import
    ???
<frozen importlib._bootstrap>:1360: in _find_and_load
    ???
<frozen importlib._bootstrap>:1331: in _find_and_load_unlocked
    ???
<frozen importlib._bootstrap>:935: in _load_unlocked
    ???
backend\venv\Lib\site-packages\_pytest\assertion\rewrite.py:186: in exec_module
    exec(co, module.__dict__)
backend\tests\test_services.py:4: in <module>
    from app.database import Base
E   ModuleNotFoundError: No module named 'app'
=========================== short test summary info ===========================
ERROR backend/tests/test_services.py
!!!!!!!!!!!!!!!!!!! Interrupted: 1 error during collection !!!!!!!!!!!!!!!!!!!!
============================== 1 error in 1.12s ===============================
